Switched to branch 'main'
camper: /sql_reference$ git branch
  feat/add-column-references
  feat/add-insert-row-reference
* main
camper: /sql_reference$ git merge feat/add-insert-row-reference main
Updating b3b1bac..a50c62d
Fast-forward
 sql_reference.json | 3 +++
 1 file changed, 3 insertions(+)
camper: /sql_reference$ git log --oneline
a50c62d (HEAD -> main, feat/add-insert-row-reference) feat: add insert row reference
b3b1bac fix: create table syntax
b275d13 feat: add drop table reference
b68e3de feat: add create table reference
20320c2 feat: add drop database reference
89744cd feat: add create database reference
4c67df7 Initial commit
camper: /sql_reference$ git checkout feat/add-column-references 
Switched to branch 'feat/add-column-references'
camper: /sql_reference$ git rebase main
Auto-merging sql_reference.json
CONFLICT (content): Merge conflict in sql_reference.json
error: could not apply 38629cf... feat: add column reference
hint: Resolve all conflicts manually, mark them as resolved with
hint: "git add/rm <conflicted_files>", then run "git rebase --continue".
hint: You can instead skip this commit: run "git rebase --skip".
hint: To abort and get back to the state before "git rebase", run "git rebase --abort".
Could not apply 38629cf... feat: add column reference
camper: /sql_reference$ nano sql_reference.json 
camper: /sql_reference$ git status
interactive rebase in progress; onto a50c62d
Last command done (1 command done):
   pick 38629cf feat: add column reference
Next command to do (1 remaining command):
   pick 96227d4 feat: add drop column reference
  (use "git rebase --edit-todo" to view and edit)
You are currently rebasing branch 'feat/add-column-references' on 'a50c62d'.
  (fix conflicts and then run "git rebase --continue")
  (use "git rebase --skip" to skip this patch)
  (use "git rebase --abort" to check out the original branch)

Unmerged paths:
  (use "git restore --staged <file>..." to unstage)
  (use "git add <file>..." to mark resolution)
        both modified:   sql_reference.json

no changes added to commit (use "git add" and/or "git commit -a")
camper: /sql_reference$ git add sql_reference.json 
camper: /sql_reference$ git status
interactive rebase in progress; onto a50c62d
Last command done (1 command done):
   pick 38629cf feat: add column reference
Next command to do (1 remaining command):
   pick 96227d4 feat: add drop column reference
  (use "git rebase --edit-todo" to view and edit)
You are currently rebasing branch 'feat/add-column-references' on 'a50c62d'.
  (all conflicts fixed: run "git rebase --continue")

Changes to be committed:
  (use "git restore --staged <file>..." to unstage)
        modified:   sql_reference.json

camper: /sql_reference$ git rebase --continue
[detached HEAD 1807761] feat: add column reference
 1 file changed, 3 insertions(+)
Successfully rebased and updated refs/heads/feat/add-column-references.
camper: /sql_reference$ git log --oneline
440c83f (HEAD -> feat/add-column-references) feat: add drop column reference
1807761 feat: add column reference
a50c62d (main, feat/add-insert-row-reference) feat: add insert row reference
b3b1bac fix: create table syntax
b275d13 feat: add drop table reference
b68e3de feat: add create table reference
20320c2 feat: add drop database reference
89744cd feat: add create database reference
4c67df7 Initial commit
camper: /sql_reference$ nano sql_reference.json 
camper: /sql_reference$ git status
On branch feat/add-column-references
Changes not staged for commit:
  (use "git add <file>..." to update what will be committed)
  (use "git restore <file>..." to discard changes in working directory)
        modified:   sql_reference.json

no changes added to commit (use "git add" and/or "git commit -a")
camper: /sql_reference$ git diff
diff --git a/sql_reference.json b/sql_reference.json
index 3a4951d..b3759a1 100644
--- a/sql_reference.json
+++ b/sql_reference.json
@@ -12,6 +12,7 @@
   },
   "column": {
     "add": "ALTER TABLE table_name ADD COLUMN column_name;",
-    "drop": "ALTER TABLE table_name DROP COLUMN column_name;"
+    "drop": "ALTER TABLE table_name DROP COLUMN column_name;",
+    "rename": "ALTER TABLE table_name RENAME COLUMN column_name TO new_name;"
   }
 }
camper: /sql_reference$ git add sql_reference.json 
camper: /sql_reference$ git commit -m "feat: add rename column reference"
[feat/add-column-references a9c869b] feat: add rename column reference
 1 file changed, 2 insertions(+), 1 deletion(-)
camper: /sql_reference$ git checkout feat/add-insert-row-reference 
Switched to branch 'feat/add-insert-row-reference'
camper: /sql_reference$ nano sql_reference.json 
camper: /sql_reference$ git status
On branch feat/add-insert-row-reference
Changes not staged for commit:
  (use "git add <file>..." to update what will be committed)
  (use "git restore <file>..." to discard changes in working directory)
        modified:   sql_reference.json

no changes added to commit (use "git add" and/or "git commit -a")
camper: /sql_reference$ git stash
Saved working directory and index state WIP on feat/add-insert-row-reference: a50c62d feat: add insert row reference
camper: /sql_reference$ git status
On branch feat/add-insert-row-reference
nothing to commit, working tree clean
camper: /sql_reference$ git stash list
stash@{0}: WIP on feat/add-insert-row-reference: a50c62d feat: add insert row reference
camper: /sql_reference$ git stash pop
On branch feat/add-insert-row-reference
Changes not staged for commit:
  (use "git add <file>..." to update what will be committed)
  (use "git restore <file>..." to discard changes in working directory)
        modified:   sql_reference.json

no changes added to commit (use "git add" and/or "git commit -a")
Dropped refs/stash@{0} (0b4175bf5489baaac9dac4c2272e28b63042dc6e)
camper: /sql_reference$ git stash list
camper: /sql_reference$ git stash
Saved working directory and index state WIP on feat/add-insert-row-reference: a50c62d feat: add insert row reference
camper: /sql_reference$ git stash
No local changes to save
camper: /sql_reference$ git stash list
stash@{0}: WIP on feat/add-insert-row-reference: a50c62d feat: add insert row reference
camper: /sql_reference$ git stash show
 sql_reference.json | 3 ++-
 1 file changed, 2 insertions(+), 1 deletion(-)
camper: /sql_reference$ git stash show -p 
diff --git a/sql_reference.json b/sql_reference.json
index f39cf0a..b2920bd 100644
--- a/sql_reference.json
+++ b/sql_reference.json
@@ -8,6 +8,7 @@
     "drop": "DROP TABLE table_name;"
   },
   "row": {
-    "insert": "INSERT INTO table_name(columns) VALUES(values);"
+    "insert": "INSERT INTO table_name(columns) VALUES(values);",
+    "update": "UPDATE table_name SET column_name = new_value WHERE condition;"
   }
 }
camper: /sql_reference$ git stash apply
On branch feat/add-insert-row-reference
Changes not staged for commit:
  (use "git add <file>..." to update what will be committed)
  (use "git restore <file>..." to discard changes in working directory)
        modified:   sql_reference.json

no changes added to commit (use "git add" and/or "git commit -a")
camper: /sql_reference$ git stash list
stash@{0}: WIP on feat/add-insert-row-reference: a50c62d feat: add insert row reference
camper: /sql_reference$ git stash
Saved working directory and index state WIP on feat/add-insert-row-reference: a50c62d feat: add insert row reference
camper: /sql_reference$ git stash list
stash@{0}: WIP on feat/add-insert-row-reference: a50c62d feat: add insert row reference
stash@{1}: WIP on feat/add-insert-row-reference: a50c62d feat: add insert row reference
camper: /sql_reference$ git stash show stash@{1} 
 sql_reference.json | 3 ++-
 1 file changed, 2 insertions(+), 1 deletion(-)
camper: /sql_reference$ git stash show -p stash@{1} 
diff --git a/sql_reference.json b/sql_reference.json
index f39cf0a..b2920bd 100644
--- a/sql_reference.json
+++ b/sql_reference.json
@@ -8,6 +8,7 @@
     "drop": "DROP TABLE table_name;"
   },
   "row": {
-    "insert": "INSERT INTO table_name(columns) VALUES(values);"
+    "insert": "INSERT INTO table_name(columns) VALUES(values);",
+    "update": "UPDATE table_name SET column_name = new_value WHERE condition;"
   }
 }
camper: /sql_reference$ git stash drop stash@{0} 
Dropped stash@{0} (d2f2b7281dad29aa3d2055ba3b25212422fafa32)
camper: /sql_reference$ git stash list
stash@{0}: WIP on feat/add-insert-row-reference: a50c62d feat: add insert row reference
camper: /sql_reference$ git checkout main
Switched to branch 'main'
camper: /sql_reference$ git branch -d feat/add-insert-row-reference 
Deleted branch feat/add-insert-row-reference (was a50c62d).
camper: /sql_reference$ git checkout -b feat/add-more-row-references
Switched to a new branch 'feat/add-more-row-references'
camper: /sql_reference$ git stash list
stash@{0}: WIP on feat/add-insert-row-reference: a50c62d feat: add insert row reference
camper: /sql_reference$ git stash pop
On branch feat/add-more-row-references
Changes not staged for commit:
  (use "git add <file>..." to update what will be committed)
  (use "git restore <file>..." to discard changes in working directory)
        modified:   sql_reference.json

no changes added to commit (use "git add" and/or "git commit -a")
Dropped refs/stash@{0} (3ab29ce5b6c349c08a5191faabe6fbd5007dac57)
camper: /sql_reference$ git stash list
camper: /sql_reference$ git diff
diff --git a/sql_reference.json b/sql_reference.json
index f39cf0a..b2920bd 100644
--- a/sql_reference.json
+++ b/sql_reference.json
@@ -8,6 +8,7 @@
     "drop": "DROP TABLE table_name;"
   },
   "row": {
-    "insert": "INSERT INTO table_name(columns) VALUES(values);"
+    "insert": "INSERT INTO table_name(columns) VALUES(values);",
+    "update": "UPDATE table_name SET column_name = new_value WHERE condition;"
   }
 }
camper: /sql_reference$ git branch
  feat/add-column-references
* feat/add-more-row-references
  main
camper: /sql_reference$ git add sql_reference.json 
camper: /sql_reference$ git status
On branch feat/add-more-row-references
Changes to be committed:
  (use "git restore --staged <file>..." to unstage)
        modified:   sql_reference.json

camper: /sql_reference$ git commit -m "feat: add update row reference"
[feat/add-more-row-references ba7fe74] feat: add update row reference
 1 file changed, 2 insertions(+), 1 deletion(-)
camper: /sql_reference$ git checkout main
Switched to branch 'main'
camper: /sql_reference$ git merge feat/add-more-row-references main
Updating a50c62d..ba7fe74
Fast-forward
 sql_reference.json | 3 ++-
 1 file changed, 2 insertions(+), 1 deletion(-)
camper: /sql_reference$ git checkout feat/add-column-references 
Switched to branch 'feat/add-column-references'
camper: /sql_reference$ git rebase main
Auto-merging sql_reference.json
CONFLICT (content): Merge conflict in sql_reference.json
error: could not apply 1807761... feat: add column reference
hint: Resolve all conflicts manually, mark them as resolved with
hint: "git add/rm <conflicted_files>", then run "git rebase --continue".
hint: You can instead skip this commit: run "git rebase --skip".
hint: To abort and get back to the state before "git rebase", run "git rebase --abort".
Could not apply 1807761... feat: add column reference
camper: /sql_reference$ nano sql_reference.json 
camper: /sql_reference$ git status
interactive rebase in progress; onto ba7fe74
Last command done (1 command done):
   pick 1807761 feat: add column reference
Next commands to do (2 remaining commands):
   pick 440c83f feat: add drop column reference
   pick a9c869b feat: add rename column reference
  (use "git rebase --edit-todo" to view and edit)
You are currently rebasing branch 'feat/add-column-references' on 'ba7fe74'.
  (fix conflicts and then run "git rebase --continue")
  (use "git rebase --skip" to skip this patch)
  (use "git rebase --abort" to check out the original branch)

Unmerged paths:
  (use "git restore --staged <file>..." to unstage)
  (use "git add <file>..." to mark resolution)
        both modified:   sql_reference.json

no changes added to commit (use "git add" and/or "git commit -a")
camper: /sql_reference$ git add sql_reference.json 
camper: /sql_reference$ git status
interactive rebase in progress; onto ba7fe74
Last command done (1 command done):
   pick 1807761 feat: add column reference
Next commands to do (2 remaining commands):
   pick 440c83f feat: add drop column reference
   pick a9c869b feat: add rename column reference
  (use "git rebase --edit-todo" to view and edit)
You are currently rebasing branch 'feat/add-column-references' on 'ba7fe74'.
  (all conflicts fixed: run "git rebase --continue")

Changes to be committed:
  (use "git restore --staged <file>..." to unstage)
        modified:   sql_reference.json

camper: /sql_reference$ git rebase --continue
[detached HEAD 1874794] feat: add column reference
 1 file changed, 3 insertions(+)
Successfully rebased and updated refs/heads/feat/add-column-references.
camper: /sql_reference$ git log --oneline
8b4c9d4 (HEAD -> feat/add-column-references) feat: add rename column reference
52b665b feat: add drop column reference
1874794 feat: add column reference
ba7fe74 (main, feat/add-more-row-references) feat: add update row reference
a50c62d feat: add insert row reference
b3b1bac fix: create table syntax
b275d13 feat: add drop table reference
b68e3de feat: add create table reference
20320c2 feat: add drop database reference
89744cd feat: add create database reference
4c67df7 Initial commit
camper: /sql_reference$ nano sql_reference.json 
camper: /sql_reference$ git diff
diff --git a/sql_reference.json b/sql_reference.json
index 642ab9b..d443b57 100644
--- a/sql_reference.json
+++ b/sql_reference.json
@@ -14,6 +14,7 @@
   "column": {
     "add": "ALTER TABLE table_name ADD COLUMN column_name;",
     "drop": "ALTER TABLE table_name DROP COLUMN column_name;",
-    "rename": "ALTER TABLE table_name RENAME COLUMN column_name TO new_name;"
+    "rename": "ALTER TABLE table_name RENAME COLUMN column_name TO new_name;",
+    "primary_key": "ALTER TABLE table_name ADD PRIMARY KEY(column_name);"
   }
 }
camper: /sql_reference$ git add sql_reference.json 
camper: /sql_reference$ git commit -m "feat: add primary key reference"
[feat/add-column-references 319a332] feat: add primary key reference
 1 file changed, 2 insertions(+), 1 deletion(-)
camper: /sql_reference$ nano sql_reference.json 
camper: /sql_reference$ git diff
diff --git a/sql_reference.json b/sql_reference.json
index d443b57..a6fc72e 100644
--- a/sql_reference.json
+++ b/sql_reference.json
@@ -15,6 +15,7 @@
     "add": "ALTER TABLE table_name ADD COLUMN column_name;",
     "drop": "ALTER TABLE table_name DROP COLUMN column_name;",
     "rename": "ALTER TABLE table_name RENAME COLUMN column_name TO new_name;",
-    "primary_key": "ALTER TABLE table_name ADD PRIMARY KEY(column_name);"
+    "primary_key": "ALTER TABLE table_name ADD PRIMARY KEY(column_name);",
+    "foreign_key": "ALTER TABLE table_name ADD FOREIGN KEY(column_name) REFERENCES table_name(column_name);"
   }
 }
camper: /sql_reference$ git add sql_reference.json 
camper: /sql_reference$ git commit -m "feat: add foreign key reference"
[feat/add-column-references c756d93] feat: add foreign key reference
 1 file changed, 2 insertions(+), 1 deletion(-)
camper: /sql_reference$ git checkout feat/add-
feat/add-column-references     feat/add-more-row-references   
camper: /sql_reference$ git checkout feat/add-more-row-references 
Switched to branch 'feat/add-more-row-references'
camper: /sql_reference$ nano sql_reference.json 
camper: /sql_reference$ git diff
diff --git a/sql_reference.json b/sql_reference.json
index b2920bd..5761ca5 100644
--- a/sql_reference.json
+++ b/sql_reference.json
@@ -9,6 +9,7 @@
   },
   "row": {
     "insert": "INSERT INTO table_name(columns) VALUES(values);",
-    "update": "UPDATE table_name SET column_name = new_value WHERE condition;"
+    "update": "UPDATE table_name SET column_name = new_value WHERE condition;",
+    "delete": "DELETE FROM table_name WHERE condition;"
   }
 }
camper: /sql_reference$ git add sql_reference.json 
camper: /sql_reference$ git commit -m "feat: add delete row reference"
[feat/add-more-row-references c86e021] feat: add delete row reference
 1 file changed, 2 insertions(+), 1 deletion(-)
camper: /sql_reference$ git checkout main
Switched to branch 'main'
camper: /sql_reference$ git merge feat/add-more-row-references main
Updating ba7fe74..c86e021
Fast-forward
 sql_reference.json | 3 ++-
 1 file changed, 2 insertions(+), 1 deletion(-)
camper: /sql_reference$ git branch -d feat/add-more-row-references 
Deleted branch feat/add-more-row-references (was c86e021).
camper: /sql_reference$ git checkout -b fix/add-missing-rename-references
Switched to a new branch 'fix/add-missing-rename-references'
camper: /sql_reference$ nano sql_reference.json 
camper: /sql_reference$ git diff
diff --git a/sql_reference.json b/sql_reference.json
index 5761ca5..47ddd29 100644
--- a/sql_reference.json
+++ b/sql_reference.json
@@ -1,7 +1,8 @@
 {
   "database": {
     "create": "CREATE DATABASE database_name;",
-    "drop": "DROP DATABASE database_name;"
+    "drop": "DROP DATABASE database_name;",
+    "rename": "ALTER DATABASE database_name RENAME TO new_name;"
   },
   "table": {
     "create": "CREATE TABLE table_name();",
camper: /sql_reference$ git add sql_reference.json 
camper: /sql_reference$ git commit -m "fix: add missing rename database reference"
[fix/add-missing-rename-references 4e9a916] fix: add missing rename database reference
 1 file changed, 2 insertions(+), 1 deletion(-)
camper: /sql_reference$ git checkout feat/add-column-references 
Switched to branch 'feat/add-column-references'
camper: /sql_reference$ git rebase main
Auto-merging sql_reference.json
CONFLICT (content): Merge conflict in sql_reference.json
error: could not apply 1874794... feat: add column reference
hint: Resolve all conflicts manually, mark them as resolved with
hint: "git add/rm <conflicted_files>", then run "git rebase --continue".
hint: You can instead skip this commit: run "git rebase --skip".
hint: To abort and get back to the state before "git rebase", run "git rebase --abort".
Could not apply 1874794... feat: add column reference
camper: /sql_reference$ nano sql_reference.json 
camper: /sql_reference$ git status
interactive rebase in progress; onto c86e021
Last command done (1 command done):
   pick 1874794 feat: add column reference
Next commands to do (4 remaining commands):
   pick 52b665b feat: add drop column reference
   pick 8b4c9d4 feat: add rename column reference
  (use "git rebase --edit-todo" to view and edit)
You are currently rebasing branch 'feat/add-column-references' on 'c86e021'.
  (fix conflicts and then run "git rebase --continue")
  (use "git rebase --skip" to skip this patch)
  (use "git rebase --abort" to check out the original branch)

Unmerged paths:
  (use "git restore --staged <file>..." to unstage)
  (use "git add <file>..." to mark resolution)
        both modified:   sql_reference.json

no changes added to commit (use "git add" and/or "git commit -a")
camper: /sql_reference$ git add sql_reference.json 
camper: /sql_reference$ git status
interactive rebase in progress; onto c86e021
Last command done (1 command done):
   pick 1874794 feat: add column reference
Next commands to do (4 remaining commands):
   pick 52b665b feat: add drop column reference
   pick 8b4c9d4 feat: add rename column reference
  (use "git rebase --edit-todo" to view and edit)
You are currently rebasing branch 'feat/add-column-references' on 'c86e021'.
  (all conflicts fixed: run "git rebase --continue")

Changes to be committed:
  (use "git restore --staged <file>..." to unstage)
        modified:   sql_reference.json

camper: /sql_reference$ git rebase --continue
[detached HEAD d3a8552] feat: add column reference
 1 file changed, 3 insertions(+)
Successfully rebased and updated refs/heads/feat/add-column-references.
camper: /sql_reference$ ^C
camper: /sql_reference$ nano sql_reference.json 
camper: /sql_reference$ git diff
diff --git a/sql_reference.json b/sql_reference.json
index 37df137..264a924 100644
--- a/sql_reference.json
+++ b/sql_reference.json
@@ -17,6 +17,7 @@
     "drop": "ALTER TABLE table_name DROP COLUMN column_name;",
     "rename": "ALTER TABLE table_name RENAME COLUMN column_name TO new_name;",
     "primary_key": "ALTER TABLE table_name ADD PRIMARY KEY(column_name);",
-    "foreign_key": "ALTER TABLE table_name ADD FOREIGN KEY(column_name) REFERENCES table_name(column_name);"
+    "foreign_key": "ALTER TABLE table_name ADD FOREIGN KEY(column_name) REFERENCES table_name(column_name);",
+    "unique": "ALTER TABLE table_name ADD UNIQUE(column_name);"
   }
 }
camper: /sql_reference$ git add sql_reference.json 
camper: /sql_reference$ git commit -m "feat: add unique reference"
[feat/add-column-references ff3390b] feat: add unique reference
 1 file changed, 2 insertions(+), 1 deletion(-)
camper: /sql_reference$ git reset HEAD~1
Unstaged changes after reset:
M       sql_reference.json
camper: /sql_reference$ git log --oneline
73a5aef (HEAD -> feat/add-column-references) feat: add foreign key reference
0eb7074 feat: add primary key reference
d6026f1 feat: add rename column reference
82c241a feat: add drop column reference
d3a8552 feat: add column reference
c86e021 (main) feat: add delete row reference
ba7fe74 feat: add update row reference
a50c62d feat: add insert row reference
b3b1bac fix: create table syntax
b275d13 feat: add drop table reference
b68e3de feat: add create table reference
20320c2 feat: add drop database reference
89744cd feat: add create database reference
4c67df7 Initial commit
camper: /sql_reference$ git status
On branch feat/add-column-references
Changes not staged for commit:
  (use "git add <file>..." to update what will be committed)
  (use "git restore <file>..." to discard changes in working directory)
        modified:   sql_reference.json

no changes added to commit (use "git add" and/or "git commit -a")
camper: /sql_reference$ git diff
diff --git a/sql_reference.json b/sql_reference.json
index 37df137..264a924 100644
--- a/sql_reference.json
+++ b/sql_reference.json
@@ -17,6 +17,7 @@
     "drop": "ALTER TABLE table_name DROP COLUMN column_name;",
     "rename": "ALTER TABLE table_name RENAME COLUMN column_name TO new_name;",
     "primary_key": "ALTER TABLE table_name ADD PRIMARY KEY(column_name);",
-    "foreign_key": "ALTER TABLE table_name ADD FOREIGN KEY(column_name) REFERENCES table_name(column_name);"
+    "foreign_key": "ALTER TABLE table_name ADD FOREIGN KEY(column_name) REFERENCES table_name(column_name);",
+    "unique": "ALTER TABLE table_name ADD UNIQUE(column_name);"
   }
 }
camper: /sql_reference$ nano sql_reference.json 
camper: /sql_reference$ git add sql_reference.json 
camper: /sql_reference$ git commit -m "feat: add unique reference"
[feat/add-column-references 2c0bea5] feat: add unique reference
 1 file changed, 2 insertions(+), 1 deletion(-)
camper: /sql_reference$ git revert HEAD
[feat/add-column-references e85491e] Revert "feat: add unique reference"
 1 file changed, 1 insertion(+), 2 deletions(-)
camper: /sql_reference$ git log --oneline
e85491e (HEAD -> feat/add-column-references) Revert "feat: add unique reference"
2c0bea5 feat: add unique reference
73a5aef feat: add foreign key reference
0eb7074 feat: add primary key reference
d6026f1 feat: add rename column reference
82c241a feat: add drop column reference
d3a8552 feat: add column reference
c86e021 (main) feat: add delete row reference
ba7fe74 feat: add update row reference
a50c62d feat: add insert row reference
b3b1bac fix: create table syntax
b275d13 feat: add drop table reference
b68e3de feat: add create table reference
20320c2 feat: add drop database reference
89744cd feat: add create database reference
4c67df7 Initial commit
camper: /sql_reference$ git show
commit e85491e947358302d3cfac9ace4a01a798161044 (HEAD -> feat/add-column-references)
Author: FREDY AKTOSA <workmailAkto@gmail.com>
Date:   Fri Apr 12 07:02:16 2024 +0000

    Revert "feat: add unique reference"
    
    This reverts commit 2c0bea50993669443c87feaf34aa29d15fb9cfc3.

diff --git a/sql_reference.json b/sql_reference.json
index 264a924..37df137 100644
--- a/sql_reference.json
+++ b/sql_reference.json
@@ -17,7 +17,6 @@
     "drop": "ALTER TABLE table_name DROP COLUMN column_name;",
     "rename": "ALTER TABLE table_name RENAME COLUMN column_name TO new_name;",
     "primary_key": "ALTER TABLE table_name ADD PRIMARY KEY(column_name);",
-    "foreign_key": "ALTER TABLE table_name ADD FOREIGN KEY(column_name) REFERENCES table_name(column_name);",
-    "unique": "ALTER TABLE table_name ADD UNIQUE(column_name);"
+    "foreign_key": "ALTER TABLE table_name ADD FOREIGN KEY(column_name) REFERENCES table_name(column_name);"
   }
 }
camper: /sql_reference$ git show HEAD~1
commit 2c0bea50993669443c87feaf34aa29d15fb9cfc3
Author: FREDY AKTOSA <workmailAkto@gmail.com>
Date:   Fri Apr 12 07:02:00 2024 +0000

    feat: add unique reference

diff --git a/sql_reference.json b/sql_reference.json
index 37df137..264a924 100644
--- a/sql_reference.json
+++ b/sql_reference.json
@@ -17,6 +17,7 @@
     "drop": "ALTER TABLE table_name DROP COLUMN column_name;",
     "rename": "ALTER TABLE table_name RENAME COLUMN column_name TO new_name;",
     "primary_key": "ALTER TABLE table_name ADD PRIMARY KEY(column_name);",
-    "foreign_key": "ALTER TABLE table_name ADD FOREIGN KEY(column_name) REFERENCES table_name(column_name);"
+    "foreign_key": "ALTER TABLE table_name ADD FOREIGN KEY(column_name) REFERENCES table_name(column_name);",
+    "unique": "ALTER TABLE table_name ADD UNIQUE(column_name);"
   }
 }
camper: /sql_reference$ git rebase --interactive HEAD~2
Successfully rebased and updated refs/heads/feat/add-column-references.
camper: /sql_reference$ 
camper: /sql_reference$ git log --oneline
73a5aef (HEAD -> feat/add-column-references) feat: add foreign key reference
0eb7074 feat: add primary key reference
d6026f1 feat: add rename column reference
82c241a feat: add drop column reference
d3a8552 feat: add column reference
c86e021 (main) feat: add delete row reference
ba7fe74 feat: add update row reference
a50c62d feat: add insert row reference
b3b1bac fix: create table syntax
b275d13 feat: add drop table reference
b68e3de feat: add create table reference
20320c2 feat: add drop database reference
89744cd feat: add create database reference
4c67df7 Initial commit
camper: /sql_reference$ git show --interactive --root
fatal: unrecognized argument: --interactive
camper: /sql_reference$ git rebase --interactive --root
[detached HEAD cb884ac] feat: add column references
 Date: Fri Apr 12 05:36:09 2024 +0000
 1 file changed, 3 insertions(+)
Successfully rebased and updated refs/heads/feat/add-column-references.
camper: /sql_reference$ git log --oneline
8ef3cd4 (HEAD -> feat/add-column-references) feat: add foreign key reference
0c61cbb feat: add primary key reference
3645615 feat: add rename column reference
c1b137a feat: add drop column reference
cb884ac feat: add column references
c86e021 (main) feat: add delete row reference
ba7fe74 feat: add update row reference
a50c62d feat: add insert row reference
b3b1bac fix: create table syntax
b275d13 feat: add drop table reference
b68e3de feat: add create table reference
20320c2 feat: add drop database reference
89744cd feat: add create database reference
4c67df7 Initial commit
camper: /sql_reference$ git rebase main
Current branch feat/add-column-references is up to date.
camper: /sql_reference$ git log --oneline
8ef3cd4 (HEAD -> feat/add-column-references) feat: add foreign key reference
0c61cbb feat: add primary key reference
3645615 feat: add rename column reference
c1b137a feat: add drop column reference
cb884ac feat: add column references
c86e021 (main) feat: add delete row reference
ba7fe74 feat: add update row reference
a50c62d feat: add insert row reference
b3b1bac fix: create table syntax
b275d13 feat: add drop table reference
b68e3de feat: add create table reference
20320c2 feat: add drop database reference
89744cd feat: add create database reference
4c67df7 Initial commit
camper: /sql_reference$ git rebase --interactive HEAD~5
[detached HEAD 455ddcf] feat: add column references
 Date: Fri Apr 12 05:36:09 2024 +0000
 1 file changed, 7 insertions(+)
Successfully rebased and updated refs/heads/feat/add-column-references.
camper: /sql_reference$ git log --oneline
455ddcf (HEAD -> feat/add-column-references) feat: add column references
c86e021 (main) feat: add delete row reference
ba7fe74 feat: add update row reference
a50c62d feat: add insert row reference
b3b1bac fix: create table syntax
b275d13 feat: add drop table reference
b68e3de feat: add create table reference
20320c2 feat: add drop database reference
89744cd feat: add create database reference
4c67df7 Initial commit
camper: /sql_reference$ git log -1
commit 455ddcfd349b4ce5f1a451ab897bab46ebd07822 (HEAD -> feat/add-column-references)
Author: FREDY AKTOSA <workmailAkto@gmail.com>
Date:   Fri Apr 12 05:36:09 2024 +0000

    feat: add column references
    
    feat: add drop column reference
    
    feat: add rename column reference
    
    feat: add primary key reference
    
    feat: add foreign key reference
camper: /sql_reference$ git checkout main
Switched to branch 'main'
camper: /sql_reference$ git merge f
feat/add-column-references          fix/add-missing-rename-references   
camper: /sql_reference$ git merge f
feat/add-column-references          fix/add-missing-rename-references   
camper: /sql_reference$ git merge feat/add-column-references main
Updating c86e021..455ddcf
Fast-forward
 sql_reference.json | 7 +++++++
 1 file changed, 7 insertions(+)
camper: /sql_reference$ git branch -d feat/add-column-references 
Deleted branch feat/add-column-references (was 455ddcf).
camper: /sql_reference$ git checkout fix/add-missing-rename-references 
Switched to branch 'fix/add-missing-rename-references'
camper: /sql_reference$ git rebase main
Successfully rebased and updated refs/heads/fix/add-missing-rename-references.
camper: /sql_reference$ git log -5
commit 169d7f94c067a27ebe733bbfaceec2d584e3f573 (HEAD -> fix/add-missing-rename-references)
Author: FREDY AKTOSA <workmailAkto@gmail.com>
Date:   Fri Apr 12 06:51:38 2024 +0000

    fix: add missing rename database reference

commit 455ddcfd349b4ce5f1a451ab897bab46ebd07822 (main)
Author: FREDY AKTOSA <workmailAkto@gmail.com>
Date:   Fri Apr 12 05:36:09 2024 +0000

    feat: add column references
    
    feat: add drop column reference
    
    feat: add rename column reference
    
    feat: add primary key reference
    
    feat: add foreign key reference

commit c86e0213a5a9f8fbc6903a93063ce619ea734019
Author: FREDY AKTOSA <workmailAkto@gmail.com>
Date:   Fri Apr 12 06:49:01 2024 +0000

    feat: add delete row reference

commit ba7fe7463f919fc49acd269159287001bd2c94f1
Author: FREDY AKTOSA <workmailAkto@gmail.com>
Date:   Fri Apr 12 06:33:24 2024 +0000

    feat: add update row reference

commit a50c62df6e874d295e21be43a9ffb728682d0e98
Author: FREDY AKTOSA <workmailAkto@gmail.com>
Date:   Fri Apr 12 05:48:20 2024 +0000

    feat: add insert row reference
camper: /sql_reference$ git log -5 --oneline
169d7f9 (HEAD -> fix/add-missing-rename-references) fix: add missing rename database reference
455ddcf (main) feat: add column references
c86e021 feat: add delete row reference
ba7fe74 feat: add update row reference
a50c62d feat: add insert row reference
camper: /sql_reference$ nano sql_reference.json 
camper: /sql_reference$ git diff
diff --git a/sql_reference.json b/sql_reference.json
index 21d4641..fdaf589 100644
--- a/sql_reference.json
+++ b/sql_reference.json
@@ -6,7 +6,8 @@
   },
   "table": {
     "create": "CREATE TABLE table_name();",
-    "drop": "DROP TABLE table_name;"
+    "drop": "DROP TABLE table_name;",
+    "rename": "ALTER TABLE table_name RENAME TO new_name;"
   },
   "row": {
     "insert": "INSERT INTO table_name(columns) VALUES(values);",
camper: /sql_reference$ git add sql_reference.json 
camper: /sql_reference$ git commit -m "fix: add missing rename table reference"
[fix/add-missing-rename-references 5ce28ed] fix: add missing rename table reference
 1 file changed, 2 insertions(+), 1 deletion(-)
camper: /sql_reference$ git log -5 --oneline
5ce28ed (HEAD -> fix/add-missing-rename-references) fix: add missing rename table reference
169d7f9 fix: add missing rename database reference
455ddcf (main) feat: add column references
c86e021 feat: add delete row reference
ba7fe74 feat: add update row reference
camper: /sql_reference$ git rebase --interactive HEAD~1
Successfully rebased and updated refs/heads/fix/add-missing-rename-references.
camper: /sql_reference$ git rebase --interactive HEAD~2
error: invalid command 'S'
error: invalid line 2: S 5ce28ed fix: add missing rename table reference
You can fix this with 'git rebase --edit-todo' and then run 'git rebase --continue'.
Or you can abort the rebase with 'git rebase --abort'.
camper: /sql_reference$ 
camper: /sql_reference$ git rebase --interactive HEAD~2
fatal: It seems that there is already a rebase-merge directory, and
I wonder if you are in the middle of another rebase.  If that is the
case, please try
        git rebase (--continue | --abort | --skip)
If that is not the case, please
        rm -fr ".git/rebase-merge"
and run me again.  I am stopping in case you still have something
valuable there.

camper: /sql_reference$ git rebase --interactive HEAD~2
fatal: It seems that there is already a rebase-merge directory, and
I wonder if you are in the middle of another rebase.  If that is the
case, please try
        git rebase (--continue | --abort | --skip)
If that is not the case, please
        rm -fr ".git/rebase-merge"
and run me again.  I am stopping in case you still have something
valuable there.

camper: /sql_reference$ git rebae --abort
git: 'rebae' is not a git command. See 'git --help'.

The most similar command is
        rebase
camper: /sql_reference$ git rebase --abort
camper: /sql_reference$ git rebase --interactive HEAD~2
[detached HEAD f5e7306] fix: add mising rename references
 Date: Fri Apr 12 06:51:38 2024 +0000
 1 file changed, 4 insertions(+), 2 deletions(-)
Successfully rebased and updated refs/heads/fix/add-missing-rename-references.
camper: /sql_reference$ git status
On branch fix/add-missing-rename-references
nothing to commit, working tree clean
camper: /sql_reference$ git rebase --abort
fatal: No rebase in progress?
camper: /sql_reference$ git rebase --interactive HEAD~2
[detached HEAD ef2c204] fix: add missing rename references
 Author: moT01 <20648924+moT01@users.noreply.github.com>
 Date: Thu Sep 9 22:47:21 2021 -0500
 1 file changed, 4 insertions(+), 2 deletions(-)
Successfully rebased and updated refs/heads/fix/add-missing-rename-references.
camper: /sql_reference$ git log -1 
commit ef2c2046a21b0e3f152adb846599cf86967bdc4a (HEAD -> fix/add-missing-rename-references)
Author: moT01 <20648924+moT01@users.noreply.github.com>
Date:   Thu Sep 9 22:47:21 2021 -0500

    fix: add missing rename references
    
    fix: add missing rename database reference
    
    fix: add missing rename table reference
camper: /sql_reference$ git checkout main
Switched to branch 'main'
camper: /sql_reference$ git merge fix/add-missing-rename-references main
Updating 193e3a2..ef2c204
Fast-forward
 sql_reference.json | 6 ++++--
 1 file changed, 4 insertions(+), 2 deletions(-)
camper: /sql_reference$ git branch
  fix/add-missing-rename-references
* main
camper: /sql_reference$ git branch -d fix/add-missing-rename-references 
Deleted branch fix/add-missing-rename-references (was ef2c204).
camper: /sql_reference$ git log --oneline
ef2c204 (HEAD -> main) fix: add missing rename references
193e3a2 feat: add column references
87db07c feat: add delete row reference
a72acea feat: add update row reference
88989a2 feat: add insert row reference
d3609d2 fix: create table syntax
0ae0bd4 feat: add drop table reference
18f0344 feat: add create table reference
684afe7 feat: add drop database reference
a5de944 feat: add create database reference
a029be1 Initial commit
camper: /sql_reference$ git checkout -b feat/add-gitignore
Switched to a new branch 'feat/add-gitignore'
camper: /sql_reference$ touch .env
camper: /sql_reference$ nano .
./    ../   .env  .git/ 
camper: /sql_reference$ nano .env 
camper: /sql_reference$ git status
On branch feat/add-gitignore
Untracked files:
  (use "git add <file>..." to include in what will be committed)
        .env

nothing added to commit but untracked files present (use "git add" to track)
camper: /sql_reference$ touch .gitignore
camper: /sql_reference$ git status
On branch feat/add-gitignore
Untracked files:
  (use "git add <file>..." to include in what will be committed)
        .env
        .gitignore

nothing added to commit but untracked files present (use "git add" to track)
camper: /sql_reference$ nano .git
camper: /sql_reference$ nano .gitignore 
camper: /sql_reference$ git status
On branch feat/add-gitignore
Untracked files:
  (use "git add <file>..." to include in what will be committed)
        .gitignore

nothing added to commit but untracked files present (use "git add" to track)
camper: /sql_reference$ git add .gitignore 
camper: /sql_reference$ git commit -m "feat: add .gitignore"
[feat/add-gitignore 3ac4417] feat: add .gitignore
 1 file changed, 1 insertion(+)
 create mode 100644 .gitignore
camper: /sql_reference$ touch sample.env
camper: /sql_reference$ git status
On branch feat/add-gitignore
Untracked files:
  (use "git add <file>..." to include in what will be committed)
        sample.env

nothing added to commit but untracked files present (use "git add" to track)
camper: /sql_reference$ nano s
camper: /sql_reference$ nano sample.env 
camper: /sql_reference$ git add sample.env 
camper: /sql_reference$ git commit -m "feat: add sample.env
> ^C
camper: /sql_reference$ git commit -m "feat: add sample.env"
[feat/add-gitignore 7a04ba4] feat: add sample.env
 1 file changed, 1 insertion(+)
 create mode 100644 sample.env
camper: /sql_reference$ git log -5 --oneline
7a04ba4 (HEAD -> feat/add-gitignore) feat: add sample.env
3ac4417 feat: add .gitignore
ef2c204 (main) fix: add missing rename references
193e3a2 feat: add column references
87db07c feat: add delete row reference
camper: /sql_reference$ git rebase --interactive HEAD~2
[detached HEAD 75f2ff7] feat: add .gitignore and sample.env
 Date: Fri Apr 12 07:43:45 2024 +0000
 2 files changed, 2 insertions(+)
 create mode 100644 .gitignore
 create mode 100644 sample.env
Successfully rebased and updated refs/heads/feat/add-gitignore.
camper: /sql_reference$ git log -1
commit 75f2ff7f7b703f87e3d1d9de9cc03ff20da0fbaa (HEAD -> feat/add-gitignore)
Author: FREDY AKTOSA <workmailAkto@gmail.com>
Date:   Fri Apr 12 07:43:45 2024 +0000

    feat: add .gitignore and sample.env
    
    feat: add .gitignore
    
    feat: add sample.env
camper: /sql_reference$ git checkout main
Switched to branch 'main'
camper: /sql_reference$ git merge feat/add-gitignore main
Updating ef2c204..75f2ff7
Fast-forward
 .gitignore | 1 +
 sample.env | 1 +
 2 files changed, 2 insertions(+)
 create mode 100644 .gitignore
 create mode 100644 sample.env
camper: /sql_reference$ git branch -d feat/add-gitignore 
Deleted branch feat/add-gitignore (was 75f2ff7).
camper: /sql_reference$ git log --oneline
75f2ff7 (HEAD -> main) feat: add .gitignore and sample.env
ef2c204 fix: add missing rename references
193e3a2 feat: add column references
87db07c feat: add delete row reference
a72acea feat: add update row reference
88989a2 feat: add insert row reference
d3609d2 fix: create table syntax
0ae0bd4 feat: add drop table reference
18f0344 feat: add create table reference
684afe7 feat: add drop database reference
a5de944 feat: add create database reference
a029be1 Initial commit
camper: /sql_reference$ git log
commit 75f2ff7f7b703f87e3d1d9de9cc03ff20da0fbaa (HEAD -> main)
Author: FREDY AKTOSA <workmailAkto@gmail.com>
Date:   Fri Apr 12 07:43:45 2024 +0000

    feat: add .gitignore and sample.env
    
    feat: add .gitignore
    
    feat: add sample.env

commit ef2c2046a21b0e3f152adb846599cf86967bdc4a
Author: moT01 <20648924+moT01@users.noreply.github.com>
Date:   Thu Sep 9 22:47:21 2021 -0500

    fix: add missing rename references
    
    fix: add missing rename database reference
    
    fix: add missing rename table reference

commit 193e3a260a3d132a5aeb82ae7303cc499842ae12
Author: moT01 <20648924+moT01@users.noreply.github.com>
Date:   Thu Sep 9 22:04:50 2021 -0500

    feat: add column references
    
    feat: add drop column reference
    
    feat: add rename column reference
    
    feat: add primary key reference
    
    feat: add foreign key reference

commit 87db07c94a4273df4de2aa89b756d605f558fc05
Author: moT01 <20648924+moT01@users.noreply.github.com>
Date:   Thu Sep 9 22:43:17 2021 -0500

    feat: add delete row reference

commit a72aceaad172418b6ac8f2e0db44c6e9bc45483e
Author: moT01 <20648924+moT01@users.noreply.github.com>
Date:   Thu Sep 9 22:32:31 2021 -0500

    feat: add update row reference

commit 88989a27ab2087f3aea1515c6f8ab4253f384a34
Author: moT01 <20648924+moT01@users.noreply.github.com>
Date:   Thu Sep 9 22:15:07 2021 -0500

    feat: add insert row reference

commit d3609d2b8047c0d7da867b65072151d8eb69484e
Author: moT01 <20648924+moT01@users.noreply.github.com>
Date:   Thu Sep 9 22:08:00 2021 -0500

    fix: create table syntax

commit 0ae0bd456114d57c6587643a47a9e3399d2ad88d
Author: moT01 <20648924+moT01@users.noreply.github.com>
Date:   Thu Sep 9 22:00:29 2021 -0500

    feat: add drop table reference

commit 18f0344599cd58dd4b0d2c54baaa6fb4a6a35523
Author: moT01 <20648924+moT01@users.noreply.github.com>
Date:   Thu Sep 9 21:55:50 2021 -0500

    feat: add create table reference

commit 684afe786ecb33e590f7dd03d9d53b6b7770684d
Author: moT01 <20648924+moT01@users.noreply.github.com>
Date:   Thu Sep 9 21:51:05 2021 -0500

    feat: add drop database reference

commit a5de9441f554604a1418a7ea46d836ea9ca09613
Author: moT01 <20648924+moT01@users.noreply.github.com>
Date:   Thu Sep 9 21:48:34 2021 -0500

    feat: add create database reference

commit a029be197bbd18f51b3ec6647391739d2928415e
Author: moT01 <20648924+moT01@users.noreply.github.com>
Date:   Thu Sep 9 21:44:23 2021 -0500

    Initial commit

[2]+  Stopped                 git log
camper: /sql_reference$ git remote add origin https://github.com/AktoFredy/git_prac_fc.git
camper: /sql_reference$ git push -u origin main
Enumerating objects: 38, done.
Counting objects: 100% (38/38), done.
Delta compression using up to 16 threads
Compressing objects: 100% (34/34), done.
Writing objects: 100% (38/38), 3.92 KiB | 1.96 MiB/s, done.
Total 38 (delta 9), reused 0 (delta 0), pack-reused 0
remote: Resolving deltas: 100% (9/9), done.
To https://github.com/AktoFredy/git_prac_fc.git
 * [new branch]      main -> main
branch 'main' set up to track 'origin/main'.